darwin_to_linux[DARWIN_EPERM] = EPERM;
darwin_to_linux[DARWIN_ENOENT] = ENOENT;
darwin_to_linux[DARWIN_ESRCH] = ESRCH;
darwin_to_linux[DARWIN_EINTR] = EINTR;
darwin_to_linux[DARWIN_EIO] = EIO;
darwin_to_linux[DARWIN_ENXIO] = ENXIO;
darwin_to_linux[DARWIN_ENOEXEC] = ENOEXEC;
darwin_to_linux[DARWIN_EBADF] = EBADF;
darwin_to_linux[DARWIN_ECHILD] = ECHILD;
darwin_to_linux[DARWIN_EDEADLK] = EDEADLK;
darwin_to_linux[DARWIN_ENOMEM] = ENOMEM;
darwin_to_linux[DARWIN_EACCES] = EACCES;
darwin_to_linux[DARWIN_EFAULT] = EFAULT;
darwin_to_linux[DARWIN_ENOTBLK] = ENOTBLK;
darwin_to_linux[DARWIN_EBUSY] = EBUSY;
darwin_to_linux[DARWIN_EEXIST] = EEXIST;
darwin_to_linux[DARWIN_EXDEV] = EXDEV;
darwin_to_linux[DARWIN_ENODEV] = ENODEV;
darwin_to_linux[DARWIN_ENOTDIR] = ENOTDIR;
darwin_to_linux[DARWIN_EISDIR] = EISDIR;
darwin_to_linux[DARWIN_EINVAL] = EINVAL;
darwin_to_linux[DARWIN_ENFILE] = ENFILE;
darwin_to_linux[DARWIN_EMFILE] = EMFILE;
darwin_to_linux[DARWIN_ENOTTY] = ENOTTY;
darwin_to_linux[DARWIN_ETXTBSY] = ETXTBSY;
darwin_to_linux[DARWIN_EFBIG] = EFBIG;
darwin_to_linux[DARWIN_ENOSPC] = ENOSPC;
darwin_to_linux[DARWIN_ESPIPE] = ESPIPE;
darwin_to_linux[DARWIN_EROFS] = EROFS;
darwin_to_linux[DARWIN_EMLINK] = EMLINK;
darwin_to_linux[DARWIN_EPIPE] = EPIPE;
darwin_to_linux[DARWIN_EDOM] = EDOM;
darwin_to_linux[DARWIN_ERANGE] = ERANGE;
darwin_to_linux[DARWIN_EAGAIN] = EAGAIN;
darwin_to_linux[DARWIN_EINPROGRESS] = EINPROGRESS;
darwin_to_linux[DARWIN_EALREADY] = EALREADY;
darwin_to_linux[DARWIN_ENOTSOCK] = ENOTSOCK;
darwin_to_linux[DARWIN_EDESTADDRREQ] = EDESTADDRREQ;
darwin_to_linux[DARWIN_EMSGSIZE] = EMSGSIZE;
darwin_to_linux[DARWIN_EPROTOTYPE] = EPROTOTYPE;
darwin_to_linux[DARWIN_ENOPROTOOPT] = ENOPROTOOPT;
darwin_to_linux[DARWIN_EPROTONOSUPPORT] = EPROTONOSUPPORT;
darwin_to_linux[DARWIN_ESOCKTNOSUPPORT] = ESOCKTNOSUPPORT;
darwin_to_linux[DARWIN_ENOTSUP] = ENOTSUP;
darwin_to_linux[DARWIN_EPFNOSUPPORT] = EPFNOSUPPORT;
darwin_to_linux[DARWIN_EAFNOSUPPORT] = EAFNOSUPPORT;
darwin_to_linux[DARWIN_EADDRINUSE] = EADDRINUSE;
darwin_to_linux[DARWIN_EADDRNOTAVAIL] = EADDRNOTAVAIL;
darwin_to_linux[DARWIN_ENETDOWN] = ENETDOWN;
darwin_to_linux[DARWIN_ENETUNREACH] = ENETUNREACH;
darwin_to_linux[DARWIN_ENETRESET] = ENETRESET;
darwin_to_linux[DARWIN_ECONNABORTED] = ECONNABORTED;
darwin_to_linux[DARWIN_ECONNRESET] = ECONNRESET;
darwin_to_linux[DARWIN_ENOBUFS] = ENOBUFS;
darwin_to_linux[DARWIN_EISCONN] = EISCONN;
darwin_to_linux[DARWIN_ENOTCONN] = ENOTCONN;
darwin_to_linux[DARWIN_ESHUTDOWN] = ESHUTDOWN;
darwin_to_linux[DARWIN_ETOOMANYREFS] = ETOOMANYREFS;
darwin_to_linux[DARWIN_ETIMEDOUT] = ETIMEDOUT;
darwin_to_linux[DARWIN_ECONNREFUSED] = ECONNREFUSED;
darwin_to_linux[DARWIN_ELOOP] = ELOOP;
darwin_to_linux[DARWIN_ENAMETOOLONG] = ENAMETOOLONG;
darwin_to_linux[DARWIN_EHOSTDOWN] = EHOSTDOWN;
darwin_to_linux[DARWIN_EHOSTUNREACH] = EHOSTUNREACH;
darwin_to_linux[DARWIN_ENOTEMPTY] = ENOTEMPTY;
darwin_to_linux[DARWIN_EUSERS] = EUSERS;
darwin_to_linux[DARWIN_EDQUOT] = EDQUOT;
darwin_to_linux[DARWIN_ESTALE] = ESTALE;
darwin_to_linux[DARWIN_EREMOTE] = EREMOTE;
darwin_to_linux[DARWIN_ENOLCK] = ENOLCK;
darwin_to_linux[DARWIN_ENOSYS] = ENOSYS;
darwin_to_linux[DARWIN_EOVERFLOW] = EOVERFLOW;
darwin_to_linux[DARWIN_ECANCELED] = ECANCELED;
darwin_to_linux[DARWIN_EIDRM] = EIDRM;
darwin_to_linux[DARWIN_ENOMSG] = ENOMSG;
darwin_to_linux[DARWIN_EILSEQ] = EILSEQ;
darwin_to_linux[DARWIN_EBADMSG] = EBADMSG;
darwin_to_linux[DARWIN_EMULTIHOP] = EMULTIHOP;
darwin_to_linux[DARWIN_ENODATA] = ENODATA;
darwin_to_linux[DARWIN_ENOLINK] = ENOLINK;
darwin_to_linux[DARWIN_ENOSR] = ENOSR;
darwin_to_linux[DARWIN_ENOSTR] = ENOSTR;
darwin_to_linux[DARWIN_EPROTO] = EPROTO;
darwin_to_linux[DARWIN_ETIME] = ETIME;
darwin_to_linux[DARWIN_EOPNOTSUPP] = EOPNOTSUPP;
darwin_to_linux[DARWIN_ENOTRECOVERABLE] = ENOTRECOVERABLE;
darwin_to_linux[DARWIN_EOWNERDEAD] = EOWNERDEAD;
