linux_to_darwin[EPERM] = DARWIN_EPERM;
linux_to_darwin[ENOENT] = DARWIN_ENOENT;
linux_to_darwin[ESRCH] = DARWIN_ESRCH;
linux_to_darwin[EINTR] = DARWIN_EINTR;
linux_to_darwin[EIO] = DARWIN_EIO;
linux_to_darwin[ENXIO] = DARWIN_ENXIO;
linux_to_darwin[ENOEXEC] = DARWIN_ENOEXEC;
linux_to_darwin[EBADF] = DARWIN_EBADF;
linux_to_darwin[ECHILD] = DARWIN_ECHILD;
linux_to_darwin[EDEADLK] = DARWIN_EDEADLK;
linux_to_darwin[ENOMEM] = DARWIN_ENOMEM;
linux_to_darwin[EACCES] = DARWIN_EACCES;
linux_to_darwin[EFAULT] = DARWIN_EFAULT;
linux_to_darwin[ENOTBLK] = DARWIN_ENOTBLK;
linux_to_darwin[EBUSY] = DARWIN_EBUSY;
linux_to_darwin[EEXIST] = DARWIN_EEXIST;
linux_to_darwin[EXDEV] = DARWIN_EXDEV;
linux_to_darwin[ENODEV] = DARWIN_ENODEV;
linux_to_darwin[ENOTDIR] = DARWIN_ENOTDIR;
linux_to_darwin[EISDIR] = DARWIN_EISDIR;
linux_to_darwin[EINVAL] = DARWIN_EINVAL;
linux_to_darwin[ENFILE] = DARWIN_ENFILE;
linux_to_darwin[EMFILE] = DARWIN_EMFILE;
linux_to_darwin[ENOTTY] = DARWIN_ENOTTY;
linux_to_darwin[ETXTBSY] = DARWIN_ETXTBSY;
linux_to_darwin[EFBIG] = DARWIN_EFBIG;
linux_to_darwin[ENOSPC] = DARWIN_ENOSPC;
linux_to_darwin[ESPIPE] = DARWIN_ESPIPE;
linux_to_darwin[EROFS] = DARWIN_EROFS;
linux_to_darwin[EMLINK] = DARWIN_EMLINK;
linux_to_darwin[EPIPE] = DARWIN_EPIPE;
linux_to_darwin[EDOM] = DARWIN_EDOM;
linux_to_darwin[ERANGE] = DARWIN_ERANGE;
linux_to_darwin[EAGAIN] = DARWIN_EAGAIN;
linux_to_darwin[EINPROGRESS] = DARWIN_EINPROGRESS;
linux_to_darwin[EALREADY] = DARWIN_EALREADY;
linux_to_darwin[ENOTSOCK] = DARWIN_ENOTSOCK;
linux_to_darwin[EDESTADDRREQ] = DARWIN_EDESTADDRREQ;
linux_to_darwin[EMSGSIZE] = DARWIN_EMSGSIZE;
linux_to_darwin[EPROTOTYPE] = DARWIN_EPROTOTYPE;
linux_to_darwin[ENOPROTOOPT] = DARWIN_ENOPROTOOPT;
linux_to_darwin[EPROTONOSUPPORT] = DARWIN_EPROTONOSUPPORT;
linux_to_darwin[ESOCKTNOSUPPORT] = DARWIN_ESOCKTNOSUPPORT;
linux_to_darwin[ENOTSUP] = DARWIN_ENOTSUP;
linux_to_darwin[EPFNOSUPPORT] = DARWIN_EPFNOSUPPORT;
linux_to_darwin[EAFNOSUPPORT] = DARWIN_EAFNOSUPPORT;
linux_to_darwin[EADDRINUSE] = DARWIN_EADDRINUSE;
linux_to_darwin[EADDRNOTAVAIL] = DARWIN_EADDRNOTAVAIL;
linux_to_darwin[ENETDOWN] = DARWIN_ENETDOWN;
linux_to_darwin[ENETUNREACH] = DARWIN_ENETUNREACH;
linux_to_darwin[ENETRESET] = DARWIN_ENETRESET;
linux_to_darwin[ECONNABORTED] = DARWIN_ECONNABORTED;
linux_to_darwin[ECONNRESET] = DARWIN_ECONNRESET;
linux_to_darwin[ENOBUFS] = DARWIN_ENOBUFS;
linux_to_darwin[EISCONN] = DARWIN_EISCONN;
linux_to_darwin[ENOTCONN] = DARWIN_ENOTCONN;
linux_to_darwin[ESHUTDOWN] = DARWIN_ESHUTDOWN;
linux_to_darwin[ETOOMANYREFS] = DARWIN_ETOOMANYREFS;
linux_to_darwin[ETIMEDOUT] = DARWIN_ETIMEDOUT;
linux_to_darwin[ECONNREFUSED] = DARWIN_ECONNREFUSED;
linux_to_darwin[ELOOP] = DARWIN_ELOOP;
linux_to_darwin[ENAMETOOLONG] = DARWIN_ENAMETOOLONG;
linux_to_darwin[EHOSTDOWN] = DARWIN_EHOSTDOWN;
linux_to_darwin[EHOSTUNREACH] = DARWIN_EHOSTUNREACH;
linux_to_darwin[ENOTEMPTY] = DARWIN_ENOTEMPTY;
linux_to_darwin[EUSERS] = DARWIN_EUSERS;
linux_to_darwin[EDQUOT] = DARWIN_EDQUOT;
linux_to_darwin[ESTALE] = DARWIN_ESTALE;
linux_to_darwin[EREMOTE] = DARWIN_EREMOTE;
linux_to_darwin[ENOLCK] = DARWIN_ENOLCK;
linux_to_darwin[ENOSYS] = DARWIN_ENOSYS;
linux_to_darwin[EOVERFLOW] = DARWIN_EOVERFLOW;
linux_to_darwin[ECANCELED] = DARWIN_ECANCELED;
linux_to_darwin[EIDRM] = DARWIN_EIDRM;
linux_to_darwin[ENOMSG] = DARWIN_ENOMSG;
linux_to_darwin[EILSEQ] = DARWIN_EILSEQ;
linux_to_darwin[EBADMSG] = DARWIN_EBADMSG;
linux_to_darwin[EMULTIHOP] = DARWIN_EMULTIHOP;
linux_to_darwin[ENODATA] = DARWIN_ENODATA;
linux_to_darwin[ENOLINK] = DARWIN_ENOLINK;
linux_to_darwin[ENOSR] = DARWIN_ENOSR;
linux_to_darwin[ENOSTR] = DARWIN_ENOSTR;
linux_to_darwin[EPROTO] = DARWIN_EPROTO;
linux_to_darwin[ETIME] = DARWIN_ETIME;
linux_to_darwin[EOPNOTSUPP] = DARWIN_EOPNOTSUPP;
linux_to_darwin[ENOTRECOVERABLE] = DARWIN_ENOTRECOVERABLE;
linux_to_darwin[EOWNERDEAD] = DARWIN_EOWNERDEAD;
