DARLING {

global:

_ZZNSt13basic_filebufIcSt11char_traitsIcEE5closeEvEN14__close_sentryC1EPS2_;
_ZZNSt13basic_filebufIcSt11char_traitsIcEE5closeEvEN14__close_sentryD1Ev;
_ZZNSt13basic_filebufIcSt11char_traitsIcEE5closeEvEN14__close_sentryC2EPS2_;
_ZZNSt13basic_filebufIcSt11char_traitsIcEE5closeEvEN14__close_sentryD2Ev;
_ZNSt13basic_filebufIcSt11char_traitsIcEE15_M_create_pbackEv;
_ZNKSt15basic_streambufIcSt11char_traitsIcEE4gptrEv;
_ZNKSt15basic_streambufIcSt11char_traitsIcEE5egptrEv;
_ZNSt15basic_streambufIcSt11char_traitsIcEE4setgEPcS3_S3_;
_ZNSt13basic_filebufIcSt11char_traitsIcEE16_M_destroy_pbackEv;
_ZNKSt15basic_streambufIcSt11char_traitsIcEE5ebackEv;
_ZNSt13basic_filebufIcSt11char_traitsIcEEC2Ev;
_ZNSt15basic_streambufIcSt11char_traitsIcEEC2Ev;
_ZTVSt13basic_filebufIcSt11char_traitsIcEE;
_ZNSt15basic_streambufIcSt11char_traitsIcEED2Ev;
_ZNSt13basic_filebufIcSt11char_traitsIcEED2Ev;
_ZNSt13basic_filebufIcSt11char_traitsIcEE5closeEv;
_ZNSt13basic_filebufIcSt11char_traitsIcEED0Ev;
_ZNSt13basic_filebufIcSt11char_traitsIcEED1Ev;
_ZNKSt13basic_filebufIcSt11char_traitsIcEE7is_openEv;
_ZNSt13basic_filebufIcSt11char_traitsIcEE4openEPKcSt13_Ios_Openmode;
_ZNSt13basic_filebufIcSt11char_traitsIcEE27_M_allocate_internal_bufferEv;
_ZNSt13basic_filebufIcSt11char_traitsIcEE13_M_set_bufferEl;
_ZNSt13basic_filebufIcSt11char_traitsIcEE19_M_terminate_outputEv;
_ZNSt13basic_filebufIcSt11char_traitsIcEE26_M_destroy_internal_bufferEv;
_ZNSt13basic_filebufIcSt11char_traitsIcEE9showmanycEv;
_ZNSt13basic_filebufIcSt11char_traitsIcEE9underflowEv;
_ZNSt13basic_filebufIcSt11char_traitsIcEE9pbackfailEi;
_ZNSt15basic_streambufIcSt11char_traitsIcEE5gbumpEi;
_ZNSt13basic_filebufIcSt11char_traitsIcEE8overflowEi;
_ZNSt13basic_filebufIcSt11char_traitsIcEE14_M_get_ext_posER11__mbstate_t;
_ZNSt13basic_filebufIcSt11char_traitsIcEE7_M_seekElSt12_Ios_Seekdir11__mbstate_t;
_ZNKSt15basic_streambufIcSt11char_traitsIcEE5pbaseEv;
_ZNKSt15basic_streambufIcSt11char_traitsIcEE4pptrEv;
_ZNSt15basic_streambufIcSt11char_traitsIcEE5pbumpEi;
_ZNSt13basic_filebufIcSt11char_traitsIcEE22_M_convert_to_externalEPcl;
_ZNSt13basic_filebufIcSt11char_traitsIcEE6setbufEPcl;
_ZNSt13basic_filebufIcSt11char_traitsIcEE7seekoffElSt12_Ios_SeekdirSt13_Ios_Openmode;
_ZNSt13basic_filebufIcSt11char_traitsIcEE7seekposESt4fposI11__mbstate_tESt13_Ios_Openmode;
_ZNSt13basic_filebufIcSt11char_traitsIcEE4syncEv;
_ZNSt13basic_filebufIcSt11char_traitsIcEE5imbueERKSt6locale;
_ZNSt13basic_filebufIcSt11char_traitsIcEE6xsgetnEPcl;
_ZNSt15basic_streambufIcSt11char_traitsIcEE6xsgetnEPcl;
_ZNSt13basic_filebufIcSt11char_traitsIcEE6xsputnEPKcl;
_ZNKSt15basic_streambufIcSt11char_traitsIcEE5epptrEv;
_ZNSt15basic_streambufIcSt11char_traitsIcEE6xsputnEPKcl;
_ZNSt15basic_streambufIcSt11char_traitsIcEE4setpEPcS3_;
_ZTVSt15basic_streambufIcSt11char_traitsIcEE;
_ZNSt15basic_streambufIcSt11char_traitsIcEED0Ev;
_ZNSt15basic_streambufIcSt11char_traitsIcEED1Ev;
_ZNSt15basic_streambufIcSt11char_traitsIcEE8pubimbueERKSt6locale;
_ZNKSt15basic_streambufIcSt11char_traitsIcEE6getlocEv;
_ZNSt15basic_streambufIcSt11char_traitsIcEE9pubsetbufEPcl;
_ZNSt15basic_streambufIcSt11char_traitsIcEE10pubseekoffElSt12_Ios_SeekdirSt13_Ios_Openmode;
_ZNSt15basic_streambufIcSt11char_traitsIcEE10pubseekposESt4fposI11__mbstate_tESt13_Ios_Openmode;
_ZNSt15basic_streambufIcSt11char_traitsIcEE7pubsyncEv;
_ZNSt15basic_streambufIcSt11char_traitsIcEE8in_availEv;
_ZNSt15basic_streambufIcSt11char_traitsIcEE6snextcEv;
_ZNSt15basic_streambufIcSt11char_traitsIcEE6sbumpcEv;
_ZNSt15basic_streambufIcSt11char_traitsIcEE5sgetcEv;
_ZNSt15basic_streambufIcSt11char_traitsIcEE5sgetnEPcl;
_ZNSt15basic_streambufIcSt11char_traitsIcEE9sputbackcEc;
_ZNSt15basic_streambufIcSt11char_traitsIcEE7sungetcEv;
_ZNSt15basic_streambufIcSt11char_traitsIcEE5sputcEc;
_ZNSt15basic_streambufIcSt11char_traitsIcEE5sputnEPKcl;
_ZNSt15basic_streambufIcSt11char_traitsIcEE5imbueERKSt6locale;
_ZNSt15basic_streambufIcSt11char_traitsIcEE6setbufEPcl;
_ZNSt15basic_streambufIcSt11char_traitsIcEE7seekoffElSt12_Ios_SeekdirSt13_Ios_Openmode;
_ZNSt15basic_streambufIcSt11char_traitsIcEE7seekposESt4fposI11__mbstate_tESt13_Ios_Openmode;
_ZNSt15basic_streambufIcSt11char_traitsIcEE4syncEv;
_ZNSt15basic_streambufIcSt11char_traitsIcEE9showmanycEv;
_ZNSt15basic_streambufIcSt11char_traitsIcEE12__safe_gbumpEl;
_ZNSt15basic_streambufIcSt11char_traitsIcEE9underflowEv;
_ZNSt15basic_streambufIcSt11char_traitsIcEE5uflowEv;
_ZNSt15basic_streambufIcSt11char_traitsIcEE9pbackfailEi;
_ZNSt15basic_streambufIcSt11char_traitsIcEE12__safe_pbumpEl;
_ZNSt15basic_streambufIcSt11char_traitsIcEE8overflowEi;
_ZNSt15basic_streambufIcSt11char_traitsIcEE6stosscEv;
_ZNSt15basic_streambufIcSt11char_traitsIcEEC2ERKS2_;
_ZNSt15basic_streambufIcSt11char_traitsIcEEaSERKS2_;
_ZNKSt9basic_iosIcSt11char_traitsIcEEcvPvEv;
_ZNKSt9basic_iosIcSt11char_traitsIcEE4failEv;
_ZNKSt9basic_iosIcSt11char_traitsIcEEntEv;
_ZNKSt9basic_iosIcSt11char_traitsIcEE7rdstateEv;
_ZNSt9basic_iosIcSt11char_traitsIcEE5clearESt12_Ios_Iostate;
_ZNKSt9basic_iosIcSt11char_traitsIcEE5rdbufEv;
_ZNKSt9basic_iosIcSt11char_traitsIcEE10exceptionsEv;
_ZNSt9basic_iosIcSt11char_traitsIcEE8setstateESt12_Ios_Iostate;
_ZNSt9basic_iosIcSt11char_traitsIcEE11_M_setstateESt12_Ios_Iostate;
_ZNKSt9basic_iosIcSt11char_traitsIcEE4goodEv;
_ZNKSt9basic_iosIcSt11char_traitsIcEE3eofEv;
_ZNKSt9basic_iosIcSt11char_traitsIcEE3badEv;
_ZNSt9basic_iosIcSt11char_traitsIcEE10exceptionsESt12_Ios_Iostate;
_ZNSt9basic_iosIcSt11char_traitsIcEEC2EPSt15basic_streambufIcS1_E;
_ZTVSt9basic_iosIcSt11char_traitsIcEE;
_ZNSt9basic_iosIcSt11char_traitsIcEE4initEPSt15basic_streambufIcS1_E;
_ZNSt9basic_iosIcSt11char_traitsIcEED2Ev;
_ZNSt9basic_iosIcSt11char_traitsIcEED0Ev;
_ZNSt9basic_iosIcSt11char_traitsIcEED1Ev;
_ZNKSt9basic_iosIcSt11char_traitsIcEE3tieEv;
_ZNSt9basic_iosIcSt11char_traitsIcEE3tieEPSo;
_ZNSt9basic_iosIcSt11char_traitsIcEE5rdbufEPSt15basic_streambufIcS1_E;
_ZNSt9basic_iosIcSt11char_traitsIcEE7copyfmtERKS2_;
_ZNKSt9basic_iosIcSt11char_traitsIcEE4fillEv;
_ZNSt9basic_iosIcSt11char_traitsIcEE4fillEc;
_ZNSt9basic_iosIcSt11char_traitsIcEE15_M_cache_localeERKSt6locale;
_ZNKSt9basic_iosIcSt11char_traitsIcEE5widenEc;
_ZNSt9basic_iosIcSt11char_traitsIcEE5imbueERKSt6locale;
_ZNKSt9basic_iosIcSt11char_traitsIcEE6narrowEcc;
_ZNSt9basic_iosIcSt11char_traitsIcEEC2Ev;
_ZNSoC2EPSt15basic_streambufIcSt11char_traitsIcEE;
_ZNSoC1EPSt15basic_streambufIcSt11char_traitsIcEE;
_ZNSolsEPFRSt9basic_iosIcSt11char_traitsIcEES3_E;
_ZNSolsEPSt15basic_streambufIcSt11char_traitsIcEE;
_ZTISt13basic_filebufIcSt11char_traitsIcEE;
_ZTISt9basic_iosIcSt11char_traitsIcEE;
_ZTISt15basic_streambufIcSt11char_traitsIcEE;
_ZTSSt13basic_filebufIcSt11char_traitsIcEE;
_ZTSSt9basic_iosIcSt11char_traitsIcEE;
_ZTSSt15basic_streambufIcSt11char_traitsIcEE;
_ZNSt13basic_filebufIcSt11char_traitsIcEEC1Ev;
_ZNSt15basic_streambufIcSt11char_traitsIcEEC1Ev;
_ZNSt15basic_streambufIcSt11char_traitsIcEEC1ERKS2_;
_ZNSt9basic_iosIcSt11char_traitsIcEEC1EPSt15basic_streambufIcS1_E;
_ZNSt9basic_iosIcSt11char_traitsIcEEC1Ev;
_ZNSt12__basic_fileIcEC2EP15pthread_mutex_t;
_ZNSt12__basic_fileIcED2Ev;
_ZNSt12__basic_fileIcE5closeEv;
_ZNSt12__basic_fileIcE8sys_openEP7__sFILESt13_Ios_Openmode;
_ZNKSt12__basic_fileIcE7is_openEv;
_ZNSt12__basic_fileIcE4syncEv;
_ZNSt12__basic_fileIcE8sys_openEiSt13_Ios_Openmode;
_ZNSt12__basic_fileIcE4openEPKcSt13_Ios_Openmodei;
_ZNSt12__basic_fileIcE2fdEv;
_ZNSt12__basic_fileIcE4fileEv;
_ZNSt12__basic_fileIcE6xsgetnEPcl;
_ZNSt12__basic_fileIcE6xsputnEPKcl;
_ZNSt12__basic_fileIcE8xsputn_2EPKclS2_l;
_ZNSt12__basic_fileIcE7seekoffElSt12_Ios_Seekdir;
_ZNSt12__basic_fileIcE9showmanycEv;
_ZNSt12__basic_fileIcEC1EP15pthread_mutex_t;
_ZNSt12__basic_fileIcED1Ev;


local:
	*;
};

